exports[`MetricsTab snapshot matches snapshot 1`] = `
<div class="w-full min-w-0 h-48 md:h-64 p-4 bg-white dark:bg-neutral-800 border border-neutral-200 dark:border-neutral-700 rounded">
  <div>
    <div>
      <div />
      <div />
      <div />
      <div />
    </div>
  </div>
</div>
`;
